// Jest Snapshot v1, https://goo.gl/fbAQLP

exports[`GradientBox should render (snapshot) 1`] = `
<DocumentFragment>
  <div
    class="via-43.85% rounded-md bg-gradient-to-b from-transparent from-0% via-[#C4C4C405] to-[#C4C4C420] to-100%"
  >
    <div>
      children
    </div>
  </div>
</DocumentFragment>
`;
