// Jest Snapshot v1, https://goo.gl/fbAQLP

exports[`Input should render (snapshot) 1`] = `
<DocumentFragment>
  <input
    class="flex h-12 w-full rounded-md border border-black bg-secondary px-3 py-1 text-sm text-white shadow-sm transition-colors placeholder:text-zinc-500 focus-visible:outline-none focus-visible:ring-1 focus-visible:ring-zinc-950 disabled:cursor-not-allowed disabled:opacity-50 lg:text-base"
    placeholder="Enter city name"
    type="text"
  />
</DocumentFragment>
`;
